<?xml version="1.0" encoding="UTF-8"?>
<testsuites name="jest tests" tests="7" failures="0" time="4.311">
  <testsuite name="icon用例" errors="0" failures="0" skipped="0" timestamp="2019-05-14T05:48:03" time="2.919" tests="2">
    <testcase classname="icon用例 render successfully" name="icon用例 render successfully" time="0.013">
    </testcase>
    <testcase classname="icon用例 onClick" name="icon用例 onClick" time="0.034">
    </testcase>
  </testsuite>
  <testsuite name="classes test" errors="0" failures="0" skipped="0" timestamp="2019-05-14T05:48:06" time="0.127" tests="4">
    <testcase classname="classes test 接受一个className" name="classes test 接受一个className" time="0.005">
    </testcase>
    <testcase classname="classes test 接受2个className" name="classes test 接受2个className" time="0">
    </testcase>
    <testcase classname="classes test 接受3个className" name="classes test 接受3个className" time="0.001">
    </testcase>
    <testcase classname="classes test xx" name="classes test xx" time="0">
    </testcase>
  </testsuite>
  <testsuite name="button用例" errors="0" failures="0" skipped="0" timestamp="2019-05-14T05:48:06" time="0.247" tests="1">
    <testcase classname="button用例 是div" name="button用例 是div" time="0.003">
    </testcase>
  </testsuite>
</testsuites>